dev.equo.ide.maven.MavenCatalogTest.simple[gradleBuildship]=[
+-------------+----------------------------------------------------------------------------------------+
| kind        | value                                                                                  |
+-------------+----------------------------------------------------------------------------------------+
| p2repo      | https://download.eclipse.org/buildship/updates/e423/releases/3.x/3.1.6.v20220511-1359/ |
| p2repo      | https://download.eclipse.org/eclipse/updates/4.26/                                     |
| install     | org.eclipse.buildship.feature.group                                                    |
| install     | org.eclipse.platform.ide.categoryIU                                                    |
| install     | org.eclipse.releng.java.languages.categoryIU                                           |
| filter      | maven-filter-unnamed--1003173200                                                       |
|   osgi.arch | dont-include-platform-specific-artifacts                                               |
|   osgi.os   | dont-include-platform-specific-artifacts                                               |
|   osgi.ws   | dont-include-platform-specific-artifacts                                               |
+-------------+----------------------------------------------------------------------------------------+

[INFO] ------------------------------------------------------------------------
]


dev.equo.ide.maven.MavenCatalogTest.simple[jdt]=[
+-------------+----------------------------------------------------+
| kind        | value                                              |
+-------------+----------------------------------------------------+
| p2repo      | https://download.eclipse.org/eclipse/updates/4.26/ |
| install     | org.eclipse.platform.ide.categoryIU                |
| install     | org.eclipse.releng.java.languages.categoryIU       |
| filter      | maven-filter-unnamed--1003173200                   |
|   osgi.arch | dont-include-platform-specific-artifacts           |
|   osgi.os   | dont-include-platform-specific-artifacts           |
|   osgi.ws   | dont-include-platform-specific-artifacts           |
+-------------+----------------------------------------------------+

[INFO] ------------------------------------------------------------------------
]