dev.equo.solstice.p2.CatalogTest.equoChatGptDefault=[
kind,value
p2repo,https://download.eclipse.org/eclipse/updates/4.27/
install,org.eclipse.platform.ide.categoryIU
maven,com.equo:com.equo.chromium.cef.platform-specific:106.0.10
maven,com.equo:com.equo.chromium:106.0.10
maven,dev.equo.ide:equo-ide-chatgpt:1.0.1

]


dev.equo.solstice.p2.CatalogTest.equoChatGptFixed=[
kind,value
p2repo,https://download.eclipse.org/eclipse/updates/4.27/
install,org.eclipse.platform.ide.categoryIU
maven,com.equo:com.equo.chromium.cef.platform-specific:106.0.10
maven,com.equo:com.equo.chromium:106.0.10
maven,dev.equo.ide:equo-ide-chatgpt:9.9.9

]