dev.equo.solstice.p2.P2ModelTest.toString=[
EMPTY
{}
P2 SINGLE
{p2repo = ['https://download.eclipse.org/eclipse/updates/4.26/']}
P2 MULTIPLE
{p2repo = ['https://download.eclipse.org/buildship/updates/e423/releases/3.x/3.1.6.v20220511-1359/', 'https://download.eclipse.org/eclipse/updates/4.26/']}
INSTALL SINGLE
{p2repo = ['https://download.eclipse.org/buildship/updates/e423/releases/3.x/3.1.6.v20220511-1359/', 'https://download.eclipse.org/eclipse/updates/4.26/']
install = ['org.eclipse.platform.ide.categoryIU']}
INSTALL MULTIPLE
{p2repo = ['https://download.eclipse.org/buildship/updates/e423/releases/3.x/3.1.6.v20220511-1359/', 'https://download.eclipse.org/eclipse/updates/4.26/']
install = ['org.eclipse.buildship.feature.group', 'org.eclipse.platform.ide.categoryIU', 'org.eclipse.releng.java.languages.categoryIU']}
]